[     236ms] [LOG] itrace1.x初始化 @ https://o.alicdn.com/lzdfe/lzd-h5-itrace/index.js:0
[     236ms] [LOG] wpk未实例化，初始化配置 @ https://o.alicdn.com/lzdfe/lzd-h5-itrace/index.js:0
[     238ms] [LOG] lzd-h5-itrace version: v2.0.54 @ https://o.alicdn.com/lzdfe/lzd-h5-itrace/index.js:0
[     238ms] [LOG] [lzd-h5-itrace] lifecyle report plugin ready @ https://o.alicdn.com/lzdfe/lzd-h5-itrace/index.js:0
[     238ms] [LOG] [lzd-h5-itrace] close auto run iLoggerImagesPerf @ https://o.alicdn.com/lzdfe/lzd-h5-itrace/index.js:0
[     238ms] [LOG] [lzd-h5-itrace] close auto run iLoggerAssetPerf @ https://o.alicdn.com/lzdfe/lzd-h5-itrace/index.js:0
[     238ms] [LOG] [lzd-h5-itrace] close auto run mtopPluginInit @ https://o.alicdn.com/lzdfe/lzd-h5-itrace/index.js:0
[     256ms] [WARNING] A parser-blocking, cross site (i.e. different eTLD+1) script, https://g.lazcdn.com/g/??/AWSC/AWSC/awsc.js,/sd/baxia-entry/baxiaCommon.js, is invoked via document.write. The network request for this script MAY be blocked by the browser in this or a future page load due to poor network connectivity. If blocked in this page load, it will be confirmed in a subsequent console message. See https://www.chromestatus.com/feature/5718547946799104 for more details. @ https://g.lazcdn.com/res-o/lzd_sec/LWSC/index.js:0
[     257ms] [WARNING] A parser-blocking, cross site (i.e. different eTLD+1) script, https://g.lazcdn.com/g/??/AWSC/AWSC/awsc.js,/sd/baxia-entry/baxiaCommon.js, is invoked via document.write. The network request for this script MAY be blocked by the browser in this or a future page load due to poor network connectivity. If blocked in this page load, it will be confirmed in a subsequent console message. See https://www.chromestatus.com/feature/5718547946799104 for more details. @ https://g.lazcdn.com/res-o/lzd_sec/LWSC/index.js:0
[     290ms] [LOG] Mon May 25 2026 02:22:35 GMT+0700 (Indochina Time) @ https://g.alicdn.com/AWSC/et/1.77.3/et_f.js:2
[     330ms] [LOG] [header debug data]: header start @ https://www.lazada.co.th/tag/creed-aventus-perfume/?q=creed+aventus+perfume&price=8000-20000&catalog_redirect_tag=true:460
[     333ms] [LOG] --- iLoggerMtopPluginInit --- @ https://o.alicdn.com/lzdfe/lzd-h5-itrace/index.js:0
[     333ms] [LOG] [lzd-h5-itrace] mtop itrace plugin init success! @ https://o.alicdn.com/lzdfe/lzd-h5-itrace/index.js:0
[     338ms] [WARNING] only one instance of babel-polyfill is allowed @ https://g.lazcdn.com/g/lzd/assets/1.2.13/??babel-polyfill/6.26.0/polyfill.min.js:0
[     339ms] [LOG] [header debug data]: header end @ https://www.lazada.co.th/tag/creed-aventus-perfume/?q=creed+aventus+perfume&price=8000-20000&catalog_redirect_tag=true:732
[     340ms] [LOG] [header debug data]: footer start @ https://www.lazada.co.th/tag/creed-aventus-perfume/?q=creed+aventus+perfume&price=8000-20000&catalog_redirect_tag=true:877
[     358ms] [LOG] [Anonymous Cart sdk] init.... @ https://g.lazcdn.com/g/code/npm/@ali/gcom-pc-anonymous-cart-sdk/1.0.3/lib_anonymousCart/index.umd.es5.production.js:4
[     358ms] [LOG] [Anonymous Cart sdk] isAnonymousCart : true (固化配置) @ https://g.lazcdn.com/g/code/npm/@ali/gcom-pc-anonymous-cart-sdk/1.0.3/lib_anonymousCart/index.umd.es5.production.js:4
[     411ms] [LOG] [Anonymous Cart sdk] cartInfo {success: false, errorCode: Object} @ https://g.lazcdn.com/g/code/npm/@ali/gcom-pc-anonymous-cart-sdk/1.0.3/lib_anonymousCart/index.umd.es5.production.js:4
[     416ms] [LOG] [header debug data]: footer end @ https://www.lazada.co.th/tag/creed-aventus-perfume/?q=creed+aventus+perfume&price=8000-20000&catalog_redirect_tag=true:1115
[     420ms] [WARNING] Root node #ice-container is not found, current root is automatically created by the framework. @ https://g.lazcdn.com/g/psolution/lzd-head-foot/1.4.4/js/386.js:0
[     421ms] [LOG] ServiceWorker enabled @ https://www.lazada.co.th/tag/creed-aventus-perfume/?q=creed+aventus+perfume&price=8000-20000&catalog_redirect_tag=true:1154
[     428ms] [LOG] ServiceWorker registration successful with scope:  https://www.lazada.co.th/catalog/ @ https://www.lazada.co.th/tag/creed-aventus-perfume/?q=creed+aventus+perfume&price=8000-20000&catalog_redirect_tag=true:1157
[     520ms] [ERROR] Failed to load resource: the server responded with a status of 404 () @ https://www.lazada.co.th/tag/creed-aventus-perfume/INTERNAL_IMG?d=1779650555484:0
[     854ms] [WARNING] UAT mtop error log:{"api":"mtop.lazada.member.user.biz.getuser","data":{},"ret":["FAIL_SYS_SESSION_EXPIRED::Session过期"],"v":"1.0","responseHeaders":"cache-control: no-cache\r\ncontent-length: 115\r\ncontent-type: application/json;charset=UTF-8\r\npragma: no-cache\r\nx-eagleeye-id: 0b14cd8317796505553391721e0134\r\n","retType":2,"errorCode":{"key":"FAIL_SYS_SESSION_EXPIRED","displayMessage":"ข้อผิดพลาดของเครือข่ายโปรดลองอีกครั้งในภายหลัง"},"errorCodeMessage":"ข้อผิดพลาดของเครือข่ายโปรดลองอีกครั้งในภายหลัง"} @ https://g.lazcdn.com/g/code/npm/@ali/multimod-lzd-member__signup-login-pop/1.1.7/lib-signuppop/index.umd.es5.production.js:4
[    1193ms] [LOG] [FloatCartSDK][log] ANONYMOUS_FLOAT_CART_IS_ANONYMOUS {w_succ: 1} @ https://g.lazcdn.com/g/code/npm/@ali/multimod-lzd-trade__cart/2.1.171/lib-cart/index.umd.es5.production.js:4
[    1193ms] [LOG] [FloatCartSDK] assets env is set to product by window.__LIB_CART_ASSETS_ENV__ @ https://g.lazcdn.com/g/code/npm/@ali/multimod-lzd-trade__cart/2.1.171/lib-cart/index.umd.es5.production.js:4
[    1323ms] [LOG] [FloatCartSDK][log] FLOAT_CART_MOUNT_CSS_LOAD_RESULT {w_succ: 1, wl_avgv1: 129, c1: https://g.lazcdn.com/g/code/npm/@ali/multimod-lzd-…art/2.1.171/lib-cart/index.umd.es5.production.css} @ https://g.lazcdn.com/g/code/npm/@ali/multimod-lzd-trade__cart/2.1.171/lib-cart/index.umd.es5.production.js:4
[    1324ms] [LOG] [FloatCartSDK][log] ANONYMOUS_PC_CART_GET_CACHE {w_succ: 1, c1: GET_CACHE_BY_SDK_FOR_ADD, bl1: [], bl2: {"sdkEntity":{"version":"1.0.0","isHitAnonymous":true,"hasInit":true,"cartNum":0}}} @ https://g.lazcdn.com/g/code/npm/@ali/multimod-lzd-trade__cart/2.1.171/lib-cart/index.umd.es5.production.js:4
[    1324ms] [LOG] [FloatCartSDK][log] FLOAT_CART_MOUNT_RESULT {w_succ: 1, wl_avgv1: 910, c1: SUCCESS, c2: 2.1.171, c3: product} @ https://g.lazcdn.com/g/code/npm/@ali/multimod-lzd-trade__cart/2.1.171/lib-cart/index.umd.es5.production.js:4
[    1326ms] [LOG] [FloatCartSDK][log] ANONYMOUS_FLOAT_CART_ADDITEMS {w_succ: 0, c1: API_WITH_NULLERR, bl1: undefined} @ https://g.lazcdn.com/g/code/npm/@ali/multimod-lzd-trade__cart/2.1.171/lib-cart/index.umd.es5.production.js:4
[    1662ms] [WARNING] UAT mtop error log:{"api":"mtop.lazada.carts.ultron.query.cutover","data":{},"ret":["FAIL_SYS_SESSION_EXPIRED::Session过期"],"traceId":"0b14cd8317796505561511733e0134","v":"1.0","responseHeaders":"cache-control: no-cache\r\ncontent-length: 161\r\ncontent-type: application/json;charset=UTF-8\r\npragma: no-cache\r\nx-eagleeye-id: 0b14cd8317796505561511733e0134\r\n","retType":2,"errorCode":{"key":"FAIL_SYS_SESSION_EXPIRED","displayMessage":"ข้อผิดพลาดของเครือข่ายโปรดลองอีกครั้งในภายหลัง"},"errorCodeMessage":"ข้อผิดพลาดของเครือข่ายโปรดลองอีกครั้งในภายหลัง"} @ https://g.lazcdn.com/g/code/npm/@ali/multimod-lzd-trade__cart/2.1.171/lib-cart/index.umd.es5.production.js:4
[    1662ms] [LOG] [FloatCartSDK][log] ANONYMOUS_PC_CART_GET_CACHE {w_succ: 1, c1: GET_CACHE_BY_SDK_FOR_RENDER, c2: {"sdkEntity":{"version":"1.0.0","isHitAnonymous":true,"hasInit":true,"cartNum":0}}, bl1: []} @ https://g.lazcdn.com/g/code/npm/@ali/multimod-lzd-trade__cart/2.1.171/lib-cart/index.umd.es5.production.js:4
[    1663ms] [LOG] [FloatCartSDK][log] FLOAT_CART_VISIBILITY_CHECK_RESULT {w_succ: 0, c1: NO_CART_ITEM} @ https://g.lazcdn.com/g/code/npm/@ali/multimod-lzd-trade__cart/2.1.171/lib-cart/index.umd.es5.production.js:4
[    1664ms] [LOG] [FloatCartSDK][log] ANONYMOUS_FLOAT_CART_RENDER {w_succ: 1, bl1: {"data":{"root_0":{"tag":"root","id":"0","type":"r…"root_0":["anonymousCartEmpty_1"]}},"linkage":{}}} @ https://g.lazcdn.com/g/code/npm/@ali/multimod-lzd-trade__cart/2.1.171/lib-cart/index.umd.es5.production.js:4
[    3910ms] [LOG] [fsp-report 2.0] 1779650555952.9 891 6408 undefined  @ https://o.alicdn.com/lzdfe/lzd-h5-itrace/index.js:0
[ 2402505ms] [ERROR] Failed to load resource: net::ERR_INTERNET_DISCONNECTED @ https://acs-m.lazada.co.th/h5/mtop.common.gettimestamp/1.0/?jsv=2.7.2&appKey=24814220&t=1779652957543&sign=db92ccc0a78df4dd37e14a5cea117920&api=mtop.common.getTimestamp&v=1.0&H5Request=true&syncCookieMode=true&x-i18n-language=th&x-i18n-regionID=th&type=jsonp&dataType=jsonp&callback=mtopjsonp13&data=%7B%7D:0
[ 2402512ms] [ERROR] Failed to load resource: net::ERR_INTERNET_DISCONNECTED @ https://sg.mmstat.com/lzdsellerapp.IM_PC.im-error?gmkey=CLK&gokey=app_key%3D24814220%26country%3Dth%26region%3Dth%26log_time%3D1779652957308%26api%3Dmtop.common.getTimestamp%26type%3D%22ABORT%3A%3A%E6%8E%A5%E5%8F%A3%E5%BC%82%E5%B8%B8%E9%80%80%E5%87%BA%22%26cfgver%3D1.0%26asid%3DAQAAAAA67xdgHA3hZAAAAAAcxAAg7RzJQg%3D%3D%26_hng%3DTH%257Cth%257CTHB%257C764%26ps_i%3DSHUUouU1B7R2wlJ5KCsFxMe9RRVgCvLP%26pc_i%3D6whRu34LDpCoqhvrWZWRDq0KawGScJky%26_p_usertype%3Dnew%26utm_channel%3DNA%26st_page_id%3Ddjqaiobzbgecaxed19e5b706df9ed7512bd198ca04%26jsver%3Daplus_int%26lver%3D8.15.25%26pver%3D0.7.12%26cache%3D1f6197b%26page_cna%3DdjqaIobZbGECAXE1DKAjsSwK%26_slog%3D0&cna=djqaIobZbGECAXE1DKAjsSwK&_p_url=https%3A%2F%2Fwww.lazada.co.th%2Ftag%2Fcreed-aventus-perfume%2F%3Fq%3Dcreed%2Baventus%2Bperfume%26price%3D8000-20000%26catalog_redirect_tag%3Dtrue&spm-cnt=a2o4m.searchlist.0.0.60a9791eBG0Qy3&logtype=2:0
