[     245ms] [LOG] itrace1.x初始化 @ https://o.alicdn.com/lzdfe/lzd-h5-itrace/index.js:0
[     245ms] [LOG] wpk未实例化，初始化配置 @ https://o.alicdn.com/lzdfe/lzd-h5-itrace/index.js:0
[     251ms] [LOG] lzd-h5-itrace version: v2.0.54 @ https://o.alicdn.com/lzdfe/lzd-h5-itrace/index.js:0
[     252ms] [LOG] [lzd-h5-itrace] lifecyle report plugin ready @ https://o.alicdn.com/lzdfe/lzd-h5-itrace/index.js:0
[     253ms] [LOG] [lzd-h5-itrace] close auto run iLoggerImagesPerf @ https://o.alicdn.com/lzdfe/lzd-h5-itrace/index.js:0
[     253ms] [LOG] [lzd-h5-itrace] close auto run iLoggerAssetPerf @ https://o.alicdn.com/lzdfe/lzd-h5-itrace/index.js:0
[     253ms] [LOG] [lzd-h5-itrace] close auto run mtopPluginInit @ https://o.alicdn.com/lzdfe/lzd-h5-itrace/index.js:0
[     388ms] [WARNING] A parser-blocking, cross site (i.e. different eTLD+1) script, https://g.lazcdn.com/g/??/AWSC/AWSC/awsc.js,/sd/baxia-entry/baxiaCommon.js, is invoked via document.write. The network request for this script MAY be blocked by the browser in this or a future page load due to poor network connectivity. If blocked in this page load, it will be confirmed in a subsequent console message. See https://www.chromestatus.com/feature/5718547946799104 for more details. @ https://g.lazcdn.com/res-o/lzd_sec/LWSC/index.js:0
[     388ms] [WARNING] A parser-blocking, cross site (i.e. different eTLD+1) script, https://g.lazcdn.com/g/??/AWSC/AWSC/awsc.js,/sd/baxia-entry/baxiaCommon.js, is invoked via document.write. The network request for this script MAY be blocked by the browser in this or a future page load due to poor network connectivity. If blocked in this page load, it will be confirmed in a subsequent console message. See https://www.chromestatus.com/feature/5718547946799104 for more details. @ https://g.lazcdn.com/res-o/lzd_sec/LWSC/index.js:0
[     552ms] [LOG] Mon May 25 2026 02:07:33 GMT+0700 (Indochina Time) @ https://g.alicdn.com/AWSC/et/1.77.3/et_f.js:2
[     555ms] [LOG] [header debug data]: header start @ https://www.lazada.co.th/tag/perfume/:460
[     561ms] [LOG] --- iLoggerMtopPluginInit --- @ https://o.alicdn.com/lzdfe/lzd-h5-itrace/index.js:0
[     561ms] [LOG] [lzd-h5-itrace] mtop itrace plugin init success! @ https://o.alicdn.com/lzdfe/lzd-h5-itrace/index.js:0
[     567ms] [WARNING] only one instance of babel-polyfill is allowed @ https://g.lazcdn.com/g/lzd/assets/1.2.13/??babel-polyfill/6.26.0/polyfill.min.js:0
[     574ms] [LOG] fetchCsrfToken {module: Object, success: true, errorCode: null, retry: false, repeated: false} @ https://g.alicdn.com/lzd-search-fe/srp-frontend/1.1.42/js/desktop.js:1
[     653ms] [LOG] [header debug data]: header end @ https://www.lazada.co.th/tag/perfume/:732
[     655ms] [LOG] [header debug data]: footer start @ https://www.lazada.co.th/tag/perfume/:877
[    1679ms] [LOG] [Anonymous Cart sdk] init.... @ https://g.lazcdn.com/g/code/npm/@ali/gcom-pc-anonymous-cart-sdk/1.0.3/lib_anonymousCart/index.umd.es5.production.js:4
[    1680ms] [LOG] [Anonymous Cart sdk] isAnonymousCart : true (固化配置) @ https://g.lazcdn.com/g/code/npm/@ali/gcom-pc-anonymous-cart-sdk/1.0.3/lib_anonymousCart/index.umd.es5.production.js:4
[    2389ms] [LOG] [Anonymous Cart sdk] cartInfo {success: false, errorCode: Object} @ https://g.lazcdn.com/g/code/npm/@ali/gcom-pc-anonymous-cart-sdk/1.0.3/lib_anonymousCart/index.umd.es5.production.js:4
[    2391ms] [LOG] fetchCsrfToken {module: Object, success: true, errorCode: null, retry: false, repeated: false} @ https://g.alicdn.com/lzd-search-fe/srp-frontend/1.1.42/js/desktop.js:1
[    2871ms] [LOG] [header debug data]: footer end @ https://www.lazada.co.th/tag/perfume/:1115
[    2885ms] [WARNING] Root node #ice-container is not found, current root is automatically created by the framework. @ https://g.lazcdn.com/g/psolution/lzd-head-foot/1.4.4/js/386.js:0
[    2920ms] [LOG] ServiceWorker enabled @ https://www.lazada.co.th/tag/perfume/:1154
[    3134ms] [ERROR] Failed to load resource: the server responded with a status of 404 () @ https://www.lazada.co.th/tag/perfume/INTERNAL_IMG?d=1779649656319:0
[    3151ms] [LOG] ServiceWorker registration successful with scope:  https://www.lazada.co.th/catalog/ @ https://www.lazada.co.th/tag/perfume/:1157
[    3160ms] [WARNING] UAT mtop error log:{"api":"mtop.lazada.member.user.biz.getuser","data":{},"ret":["FAIL_SYS_SESSION_EXPIRED::Session过期"],"v":"1.0","responseHeaders":"cache-control: no-cache\r\ncontent-length: 115\r\ncontent-type: application/json;charset=UTF-8\r\npragma: no-cache\r\nx-eagleeye-id: 0bb4a40217796496561871945ed46c\r\n","retType":2,"errorCode":{"key":"FAIL_SYS_SESSION_EXPIRED","displayMessage":"ข้อผิดพลาดของเครือข่ายโปรดลองอีกครั้งในภายหลัง"},"errorCodeMessage":"ข้อผิดพลาดของเครือข่ายโปรดลองอีกครั้งในภายหลัง"} @ https://g.lazcdn.com/g/code/npm/@ali/multimod-lzd-member__signup-login-pop/1.1.7/lib-signuppop/index.umd.es5.production.js:4
[    3776ms] [LOG] [FloatCartSDK][log] ANONYMOUS_FLOAT_CART_IS_ANONYMOUS {w_succ: 1} @ https://g.lazcdn.com/g/code/npm/@ali/multimod-lzd-trade__cart/2.1.171/lib-cart/index.umd.es5.production.js:4
[    3776ms] [LOG] [FloatCartSDK] assets env is set to product by window.__LIB_CART_ASSETS_ENV__ @ https://g.lazcdn.com/g/code/npm/@ali/multimod-lzd-trade__cart/2.1.171/lib-cart/index.umd.es5.production.js:4
[    3870ms] [LOG] [FloatCartSDK][log] FLOAT_CART_MOUNT_CSS_LOAD_RESULT {w_succ: 1, wl_avgv1: 93, c1: https://g.lazcdn.com/g/code/npm/@ali/multimod-lzd-…art/2.1.171/lib-cart/index.umd.es5.production.css} @ https://g.lazcdn.com/g/code/npm/@ali/multimod-lzd-trade__cart/2.1.171/lib-cart/index.umd.es5.production.js:4
[    3872ms] [LOG] [FloatCartSDK][log] ANONYMOUS_PC_CART_GET_CACHE {w_succ: 1, c1: GET_CACHE_BY_SDK_FOR_ADD, bl1: [], bl2: {"sdkEntity":{"version":"1.0.0","isHitAnonymous":true,"hasInit":true,"cartNum":0}}} @ https://g.lazcdn.com/g/code/npm/@ali/multimod-lzd-trade__cart/2.1.171/lib-cart/index.umd.es5.production.js:4
[    3873ms] [LOG] [FloatCartSDK][log] FLOAT_CART_MOUNT_RESULT {w_succ: 1, wl_avgv1: 1113, c1: SUCCESS, c2: 2.1.171, c3: product} @ https://g.lazcdn.com/g/code/npm/@ali/multimod-lzd-trade__cart/2.1.171/lib-cart/index.umd.es5.production.js:4
[    3874ms] [LOG] [FloatCartSDK][log] ANONYMOUS_FLOAT_CART_ADDITEMS {w_succ: 0, c1: API_WITH_NULLERR, bl1: undefined} @ https://g.lazcdn.com/g/code/npm/@ali/multimod-lzd-trade__cart/2.1.171/lib-cart/index.umd.es5.production.js:4
[    4277ms] [WARNING] UAT mtop error log:{"api":"mtop.lazada.carts.ultron.query.cutover","data":{},"ret":["FAIL_SYS_SESSION_EXPIRED::Session过期"],"traceId":"0bb4a40217796496570141951ed46c","v":"1.0","responseHeaders":"cache-control: no-cache\r\ncontent-length: 161\r\ncontent-type: application/json;charset=UTF-8\r\npragma: no-cache\r\nx-eagleeye-id: 0bb4a40217796496570141951ed46c\r\n","retType":2,"errorCode":{"key":"FAIL_SYS_SESSION_EXPIRED","displayMessage":"ข้อผิดพลาดของเครือข่ายโปรดลองอีกครั้งในภายหลัง"},"errorCodeMessage":"ข้อผิดพลาดของเครือข่ายโปรดลองอีกครั้งในภายหลัง"} @ https://g.lazcdn.com/g/code/npm/@ali/multimod-lzd-trade__cart/2.1.171/lib-cart/index.umd.es5.production.js:4
[    4277ms] [LOG] [FloatCartSDK][log] ANONYMOUS_PC_CART_GET_CACHE {w_succ: 1, c1: GET_CACHE_BY_SDK_FOR_RENDER, c2: {"sdkEntity":{"version":"1.0.0","isHitAnonymous":true,"hasInit":true,"cartNum":0}}, bl1: []} @ https://g.lazcdn.com/g/code/npm/@ali/multimod-lzd-trade__cart/2.1.171/lib-cart/index.umd.es5.production.js:4
[    4278ms] [LOG] [FloatCartSDK][log] FLOAT_CART_VISIBILITY_CHECK_RESULT {w_succ: 0, c1: NO_CART_ITEM} @ https://g.lazcdn.com/g/code/npm/@ali/multimod-lzd-trade__cart/2.1.171/lib-cart/index.umd.es5.production.js:4
[    4278ms] [LOG] [FloatCartSDK][log] ANONYMOUS_FLOAT_CART_RENDER {w_succ: 1, bl1: {"data":{"root_0":{"tag":"root","id":"0","type":"r…"root_0":["anonymousCartEmpty_1"]}},"linkage":{}}} @ https://g.lazcdn.com/g/code/npm/@ali/multimod-lzd-trade__cart/2.1.171/lib-cart/index.umd.es5.production.js:4
[    5775ms] [LOG] [fsp-report 2.0] 1779649656144.7 2756.4000000003725 3425 undefined  @ https://o.alicdn.com/lzdfe/lzd-h5-itrace/index.js:0
