[     201ms] [LOG] itrace1.x初始化 @ https://o.alicdn.com/lzdfe/lzd-h5-itrace/index.js:0
[     201ms] [LOG] wpk未实例化，初始化配置 @ https://o.alicdn.com/lzdfe/lzd-h5-itrace/index.js:0
[     202ms] [LOG] lzd-h5-itrace version: v2.0.54 @ https://o.alicdn.com/lzdfe/lzd-h5-itrace/index.js:0
[     203ms] [LOG] [lzd-h5-itrace] lifecyle report plugin ready @ https://o.alicdn.com/lzdfe/lzd-h5-itrace/index.js:0
[     203ms] [LOG] [lzd-h5-itrace] close auto run iLoggerImagesPerf @ https://o.alicdn.com/lzdfe/lzd-h5-itrace/index.js:0
[     203ms] [LOG] [lzd-h5-itrace] close auto run iLoggerAssetPerf @ https://o.alicdn.com/lzdfe/lzd-h5-itrace/index.js:0
[     203ms] [LOG] [lzd-h5-itrace] close auto run mtopPluginInit @ https://o.alicdn.com/lzdfe/lzd-h5-itrace/index.js:0
[     224ms] [WARNING] A parser-blocking, cross site (i.e. different eTLD+1) script, https://g.lazcdn.com/g/??/AWSC/AWSC/awsc.js,/sd/baxia-entry/baxiaCommon.js, is invoked via document.write. The network request for this script MAY be blocked by the browser in this or a future page load due to poor network connectivity. If blocked in this page load, it will be confirmed in a subsequent console message. See https://www.chromestatus.com/feature/5718547946799104 for more details. @ https://g.lazcdn.com/res-o/lzd_sec/LWSC/index.js:0
[     224ms] [WARNING] A parser-blocking, cross site (i.e. different eTLD+1) script, https://g.lazcdn.com/g/??/AWSC/AWSC/awsc.js,/sd/baxia-entry/baxiaCommon.js, is invoked via document.write. The network request for this script MAY be blocked by the browser in this or a future page load due to poor network connectivity. If blocked in this page load, it will be confirmed in a subsequent console message. See https://www.chromestatus.com/feature/5718547946799104 for more details. @ https://g.lazcdn.com/res-o/lzd_sec/LWSC/index.js:0
[     226ms] [LOG] [header debug data]: header start @ https://www.lazada.co.th/tag/tom-ford-perfume/?q=tom+ford+perfume&price=8000-20000&catalog_redirect_tag=true:460
[     229ms] [LOG] --- iLoggerMtopPluginInit --- @ https://o.alicdn.com/lzdfe/lzd-h5-itrace/index.js:0
[     229ms] [LOG] [lzd-h5-itrace] mtop itrace plugin init success! @ https://o.alicdn.com/lzdfe/lzd-h5-itrace/index.js:0
[     232ms] [WARNING] only one instance of babel-polyfill is allowed @ https://g.lazcdn.com/g/lzd/assets/1.2.13/??babel-polyfill/6.26.0/polyfill.min.js:0
[     264ms] [LOG] Mon May 25 2026 02:21:55 GMT+0700 (Indochina Time) @ https://g.alicdn.com/AWSC/et/1.77.3/et_f.js:2
[     281ms] [LOG] [header debug data]: header end @ https://www.lazada.co.th/tag/tom-ford-perfume/?q=tom+ford+perfume&price=8000-20000&catalog_redirect_tag=true:732
[     281ms] [LOG] [header debug data]: footer start @ https://www.lazada.co.th/tag/tom-ford-perfume/?q=tom+ford+perfume&price=8000-20000&catalog_redirect_tag=true:877
[     303ms] [LOG] [Anonymous Cart sdk] init.... @ https://g.lazcdn.com/g/code/npm/@ali/gcom-pc-anonymous-cart-sdk/1.0.3/lib_anonymousCart/index.umd.es5.production.js:4
[     305ms] [LOG] [Anonymous Cart sdk] isAnonymousCart : true (固化配置) @ https://g.lazcdn.com/g/code/npm/@ali/gcom-pc-anonymous-cart-sdk/1.0.3/lib_anonymousCart/index.umd.es5.production.js:4
[     383ms] [LOG] [Anonymous Cart sdk] cartInfo {success: false, errorCode: Object} @ https://g.lazcdn.com/g/code/npm/@ali/gcom-pc-anonymous-cart-sdk/1.0.3/lib_anonymousCart/index.umd.es5.production.js:4
[     402ms] [LOG] [header debug data]: footer end @ https://www.lazada.co.th/tag/tom-ford-perfume/?q=tom+ford+perfume&price=8000-20000&catalog_redirect_tag=true:1115
[     405ms] [WARNING] Root node #ice-container is not found, current root is automatically created by the framework. @ https://g.lazcdn.com/g/psolution/lzd-head-foot/1.4.4/js/386.js:0
[     406ms] [LOG] ServiceWorker enabled @ https://www.lazada.co.th/tag/tom-ford-perfume/?q=tom+ford+perfume&price=8000-20000&catalog_redirect_tag=true:1154
[     411ms] [LOG] ServiceWorker registration successful with scope:  https://www.lazada.co.th/catalog/ @ https://www.lazada.co.th/tag/tom-ford-perfume/?q=tom+ford+perfume&price=8000-20000&catalog_redirect_tag=true:1157
[     497ms] [ERROR] Failed to load resource: the server responded with a status of 404 () @ https://www.lazada.co.th/tag/tom-ford-perfume/INTERNAL_IMG?d=1779650515539:0
[     568ms] [WARNING] UAT mtop error log:{"api":"mtop.lazada.member.user.biz.getuser","data":{},"ret":["FAIL_SYS_SESSION_EXPIRED::Session过期"],"v":"1.0","responseHeaders":"cache-control: no-cache\r\ncontent-length: 115\r\ncontent-type: application/json;charset=UTF-8\r\npragma: no-cache\r\nx-eagleeye-id: 0b14cd8317796505153641348e0134\r\n","retType":2,"errorCode":{"key":"FAIL_SYS_SESSION_EXPIRED","displayMessage":"ข้อผิดพลาดของเครือข่ายโปรดลองอีกครั้งในภายหลัง"},"errorCodeMessage":"ข้อผิดพลาดของเครือข่ายโปรดลองอีกครั้งในภายหลัง"} @ https://g.lazcdn.com/g/code/npm/@ali/multimod-lzd-member__signup-login-pop/1.1.7/lib-signuppop/index.umd.es5.production.js:4
[     839ms] [LOG] [FloatCartSDK][log] ANONYMOUS_FLOAT_CART_IS_ANONYMOUS {w_succ: 1} @ https://g.lazcdn.com/g/code/npm/@ali/multimod-lzd-trade__cart/2.1.171/lib-cart/index.umd.es5.production.js:4
[     839ms] [LOG] [FloatCartSDK] assets env is set to product by window.__LIB_CART_ASSETS_ENV__ @ https://g.lazcdn.com/g/code/npm/@ali/multimod-lzd-trade__cart/2.1.171/lib-cart/index.umd.es5.production.js:4
[     898ms] [LOG] [FloatCartSDK][log] FLOAT_CART_MOUNT_CSS_LOAD_RESULT {w_succ: 1, wl_avgv1: 58, c1: https://g.lazcdn.com/g/code/npm/@ali/multimod-lzd-…art/2.1.171/lib-cart/index.umd.es5.production.css} @ https://g.lazcdn.com/g/code/npm/@ali/multimod-lzd-trade__cart/2.1.171/lib-cart/index.umd.es5.production.js:4
[     899ms] [LOG] [FloatCartSDK][log] ANONYMOUS_PC_CART_GET_CACHE {w_succ: 1, c1: GET_CACHE_BY_SDK_FOR_ADD, bl1: [], bl2: {"sdkEntity":{"version":"1.0.0","isHitAnonymous":true,"hasInit":true,"cartNum":0}}} @ https://g.lazcdn.com/g/code/npm/@ali/multimod-lzd-trade__cart/2.1.171/lib-cart/index.umd.es5.production.js:4
[     899ms] [LOG] [FloatCartSDK][log] FLOAT_CART_MOUNT_RESULT {w_succ: 1, wl_avgv1: 498, c1: SUCCESS, c2: 2.1.171, c3: product} @ https://g.lazcdn.com/g/code/npm/@ali/multimod-lzd-trade__cart/2.1.171/lib-cart/index.umd.es5.production.js:4
[     900ms] [LOG] [FloatCartSDK][log] ANONYMOUS_FLOAT_CART_ADDITEMS {w_succ: 0, c1: API_WITH_NULLERR, bl1: undefined} @ https://g.lazcdn.com/g/code/npm/@ali/multimod-lzd-trade__cart/2.1.171/lib-cart/index.umd.es5.production.js:4
[    1126ms] [WARNING] UAT mtop error log:{"api":"mtop.lazada.carts.ultron.query.cutover","data":{},"ret":["FAIL_SYS_SESSION_EXPIRED::Session过期"],"traceId":"0b14cd8317796505157931353e0134","v":"1.0","responseHeaders":"cache-control: no-cache\r\ncontent-length: 161\r\ncontent-type: application/json;charset=UTF-8\r\npragma: no-cache\r\nx-eagleeye-id: 0b14cd8317796505157931353e0134\r\n","retType":2,"errorCode":{"key":"FAIL_SYS_SESSION_EXPIRED","displayMessage":"ข้อผิดพลาดของเครือข่ายโปรดลองอีกครั้งในภายหลัง"},"errorCodeMessage":"ข้อผิดพลาดของเครือข่ายโปรดลองอีกครั้งในภายหลัง"} @ https://g.lazcdn.com/g/code/npm/@ali/multimod-lzd-trade__cart/2.1.171/lib-cart/index.umd.es5.production.js:4
[    1126ms] [LOG] [FloatCartSDK][log] ANONYMOUS_PC_CART_GET_CACHE {w_succ: 1, c1: GET_CACHE_BY_SDK_FOR_RENDER, c2: {"sdkEntity":{"version":"1.0.0","isHitAnonymous":true,"hasInit":true,"cartNum":0}}, bl1: []} @ https://g.lazcdn.com/g/code/npm/@ali/multimod-lzd-trade__cart/2.1.171/lib-cart/index.umd.es5.production.js:4
[    1127ms] [LOG] [FloatCartSDK][log] FLOAT_CART_VISIBILITY_CHECK_RESULT {w_succ: 0, c1: NO_CART_ITEM} @ https://g.lazcdn.com/g/code/npm/@ali/multimod-lzd-trade__cart/2.1.171/lib-cart/index.umd.es5.production.js:4
[    1127ms] [LOG] [FloatCartSDK][log] ANONYMOUS_FLOAT_CART_RENDER {w_succ: 1, bl1: {"data":{"root_0":{"tag":"root","id":"0","type":"r…"root_0":["anonymousCartEmpty_1"]}},"linkage":{}}} @ https://g.lazcdn.com/g/code/npm/@ali/multimod-lzd-trade__cart/2.1.171/lib-cart/index.umd.es5.production.js:4
[    3779ms] [LOG] [fsp-report 2.0] 1779650515901.4 767.1999999992549 4833 undefined  @ https://o.alicdn.com/lzdfe/lzd-h5-itrace/index.js:0
